editFileInPlace(out/edit.out) backup to out/edit.out.bak
