// Jest Snapshot v1, https://goo.gl/fbAQLP

exports[`src/components/ <LabelText> component should render with minimal properties 1`] = `
<label
  className="LabelText"
  htmlFor="txtID"
  id="ID"
>
  LABEL
  <input
    aria-invalid={false}
    aria-labelledby="ID"
    aria-multiline={false}
    aria-required={false}
    disabled={false}
    id="txtID"
    multiple={false}
    name="txtID"
    readOnly={false}
    required={false}
    role="textbox"
    spellCheck={false}
    type="text"
    value="VALUE"
  />
</label>
`;
